index.ts(1,8): error TS1259: Module '"D:/PORJECTS/Smart Restaurant ERP/backend/node_modules/@types/express/index"' can only be default-imported using the 'esModuleInterop' flag
index.ts(2,8): error TS1192: Module '"http"' has no default export.
index.ts(3,8): error TS1259: Module '"D:/PORJECTS/Smart Restaurant ERP/backend/node_modules/@types/cors/index"' can only be default-imported using the 'esModuleInterop' flag
index.ts(4,8): error TS1192: Module '"D:/PORJECTS/Smart Restaurant ERP/backend/node_modules/dotenv/lib/main"' has no default export.
node_modules/@prisma/client/runtime/library.d.ts(73,5): error TS18028: Private identifiers are only available when targeting ECMAScript 2015 and higher.
node_modules/@prisma/client/runtime/library.d.ts(401,5): error TS18028: Private identifiers are only available when targeting ECMAScript 2015 and higher.
node_modules/@prisma/client/runtime/library.d.ts(2037,5): error TS18028: Private identifiers are only available when targeting ECMAScript 2015 and higher.
node_modules/socket.io/dist/index.d.ts(1,8): error TS1192: Module '"http"' has no default export.
